20.881849
21.480457
23.746138
22.014795
21.493561
20.728575
20.892454
20.248278
18.957811
16.860453
12.603050
7.578715
4.961605
7.072950
7.268790
1.960351
0.161393
0.682814
0.232278
-4.012545
